Archive member included because of file (symbol)

c:/users/user/desktop/my files/imt_data/imt_programs/imt_sdk_win_64/imt_sdk_win_64/winavr/bin/../lib/gcc/avr/4.3.3/avr5\libgcc.a(_exit.o)
                              c:/users/user/desktop/my files/imt_data/imt_programs/imt_sdk_win_64/imt_sdk_win_64/winavr/bin/../lib/gcc/avr/4.3.3/../../../../avr/lib/avr5/crtm32.o (exit)
c:/users/user/desktop/my files/imt_data/imt_programs/imt_sdk_win_64/imt_sdk_win_64/winavr/bin/../lib/gcc/avr/4.3.3/avr5\libgcc.a(_clear_bss.o)
                              ./MCAL/timer0/Timer0_program.o (__do_clear_bss)
c:/users/user/desktop/my files/imt_data/imt_programs/imt_sdk_win_64/imt_sdk_win_64/winavr/bin/../lib/gcc/avr/4.3.3/avr5\libgcc.a(_fixunssfsi.o)
                              ./Test/Test.o (__fixunssfsi)
c:/users/user/desktop/my files/imt_data/imt_programs/imt_sdk_win_64/imt_sdk_win_64/winavr/bin/../lib/gcc/avr/4.3.3/avr5\libgcc.a(_addsub_sf.o)
                              c:/users/user/desktop/my files/imt_data/imt_programs/imt_sdk_win_64/imt_sdk_win_64/winavr/bin/../lib/gcc/avr/4.3.3/avr5\libgcc.a(_fixunssfsi.o) (__subsf3)
c:/users/user/desktop/my files/imt_data/imt_programs/imt_sdk_win_64/imt_sdk_win_64/winavr/bin/../lib/gcc/avr/4.3.3/avr5\libgcc.a(_mul_sf.o)
                              ./Test/Test.o (__mulsf3)
c:/users/user/desktop/my files/imt_data/imt_programs/imt_sdk_win_64/imt_sdk_win_64/winavr/bin/../lib/gcc/avr/4.3.3/avr5\libgcc.a(_gt_sf.o)
                              ./Test/Test.o (__gtsf2)
c:/users/user/desktop/my files/imt_data/imt_programs/imt_sdk_win_64/imt_sdk_win_64/winavr/bin/../lib/gcc/avr/4.3.3/avr5\libgcc.a(_ge_sf.o)
                              c:/users/user/desktop/my files/imt_data/imt_programs/imt_sdk_win_64/imt_sdk_win_64/winavr/bin/../lib/gcc/avr/4.3.3/avr5\libgcc.a(_fixunssfsi.o) (__gesf2)
c:/users/user/desktop/my files/imt_data/imt_programs/imt_sdk_win_64/imt_sdk_win_64/winavr/bin/../lib/gcc/avr/4.3.3/avr5\libgcc.a(_lt_sf.o)
                              ./Test/Test.o (__ltsf2)
c:/users/user/desktop/my files/imt_data/imt_programs/imt_sdk_win_64/imt_sdk_win_64/winavr/bin/../lib/gcc/avr/4.3.3/avr5\libgcc.a(_sf_to_si.o)
                              c:/users/user/desktop/my files/imt_data/imt_programs/imt_sdk_win_64/imt_sdk_win_64/winavr/bin/../lib/gcc/avr/4.3.3/avr5\libgcc.a(_fixunssfsi.o) (__fixsfsi)
c:/users/user/desktop/my files/imt_data/imt_programs/imt_sdk_win_64/imt_sdk_win_64/winavr/bin/../lib/gcc/avr/4.3.3/avr5\libgcc.a(_thenan_sf.o)
                              c:/users/user/desktop/my files/imt_data/imt_programs/imt_sdk_win_64/imt_sdk_win_64/winavr/bin/../lib/gcc/avr/4.3.3/avr5\libgcc.a(_addsub_sf.o) (__thenan_sf)
c:/users/user/desktop/my files/imt_data/imt_programs/imt_sdk_win_64/imt_sdk_win_64/winavr/bin/../lib/gcc/avr/4.3.3/avr5\libgcc.a(_prologue.o)
                              c:/users/user/desktop/my files/imt_data/imt_programs/imt_sdk_win_64/imt_sdk_win_64/winavr/bin/../lib/gcc/avr/4.3.3/avr5\libgcc.a(_addsub_sf.o) (__prologue_saves__)
c:/users/user/desktop/my files/imt_data/imt_programs/imt_sdk_win_64/imt_sdk_win_64/winavr/bin/../lib/gcc/avr/4.3.3/avr5\libgcc.a(_epilogue.o)
                              c:/users/user/desktop/my files/imt_data/imt_programs/imt_sdk_win_64/imt_sdk_win_64/winavr/bin/../lib/gcc/avr/4.3.3/avr5\libgcc.a(_addsub_sf.o) (__epilogue_restores__)
c:/users/user/desktop/my files/imt_data/imt_programs/imt_sdk_win_64/imt_sdk_win_64/winavr/bin/../lib/gcc/avr/4.3.3/avr5\libgcc.a(_copy_data.o)
                              c:/users/user/desktop/my files/imt_data/imt_programs/imt_sdk_win_64/imt_sdk_win_64/winavr/bin/../lib/gcc/avr/4.3.3/avr5\libgcc.a(_thenan_sf.o) (__do_copy_data)
c:/users/user/desktop/my files/imt_data/imt_programs/imt_sdk_win_64/imt_sdk_win_64/winavr/bin/../lib/gcc/avr/4.3.3/avr5\libgcc.a(_pack_sf.o)
                              c:/users/user/desktop/my files/imt_data/imt_programs/imt_sdk_win_64/imt_sdk_win_64/winavr/bin/../lib/gcc/avr/4.3.3/avr5\libgcc.a(_addsub_sf.o) (__pack_f)
c:/users/user/desktop/my files/imt_data/imt_programs/imt_sdk_win_64/imt_sdk_win_64/winavr/bin/../lib/gcc/avr/4.3.3/avr5\libgcc.a(_unpack_sf.o)
                              c:/users/user/desktop/my files/imt_data/imt_programs/imt_sdk_win_64/imt_sdk_win_64/winavr/bin/../lib/gcc/avr/4.3.3/avr5\libgcc.a(_addsub_sf.o) (__unpack_f)
c:/users/user/desktop/my files/imt_data/imt_programs/imt_sdk_win_64/imt_sdk_win_64/winavr/bin/../lib/gcc/avr/4.3.3/avr5\libgcc.a(_fpcmp_parts_sf.o)
                              c:/users/user/desktop/my files/imt_data/imt_programs/imt_sdk_win_64/imt_sdk_win_64/winavr/bin/../lib/gcc/avr/4.3.3/avr5\libgcc.a(_gt_sf.o) (__fpcmp_parts_f)

Allocating common symbols
Common symbol       size              file

ptrcallback         0x2               ./MCAL/EXT_Interupts/interrupt.o

Memory Configuration

Name             Origin             Length             Attributes
text             0x00000000         0x00020000         xr
data             0x00800060         0x0000ffa0         rw !x
eeprom           0x00810000         0x00010000         rw !x
fuse             0x00820000         0x00000400         rw !x
lock             0x00830000         0x00000400         rw !x
signature        0x00840000         0x00000400         rw !x
*default*        0x00000000         0xffffffff

Linker script and memory map

LOAD c:/users/user/desktop/my files/imt_data/imt_programs/imt_sdk_win_64/imt_sdk_win_64/winavr/bin/../lib/gcc/avr/4.3.3/../../../../avr/lib/avr5/crtm32.o
LOAD ./Test/Test.o
LOAD ./MCAL/timer0/Timer0_program.o
LOAD ./MCAL/GIE/GIE.o
LOAD ./MCAL/EXT_Interupts/interrupt.o
LOAD ./MCAL/DIO/DIO.o
LOAD ./ECUAL/timer0_Callback/timer0_CallBack.o
LOAD ./ECUAL/Push_Button/Push_Button.o
LOAD ./ECUAL/LED/Led.o
LOAD ./ECUAL/EXT_Int_CallBack/EXT_Interupts_callBack.o
LOAD ./APPLICATION/App.o
LOAD ./EL-Main.o
LOAD c:/users/user/desktop/my files/imt_data/imt_programs/imt_sdk_win_64/imt_sdk_win_64/winavr/bin/../lib/gcc/avr/4.3.3/avr5\libgcc.a
LOAD c:/users/user/desktop/my files/imt_data/imt_programs/imt_sdk_win_64/imt_sdk_win_64/winavr/bin/../lib/gcc/avr/4.3.3/../../../../avr/lib/avr5\libc.a
LOAD c:/users/user/desktop/my files/imt_data/imt_programs/imt_sdk_win_64/imt_sdk_win_64/winavr/bin/../lib/gcc/avr/4.3.3/avr5\libgcc.a

.hash
 *(.hash)

.dynsym
 *(.dynsym)

.dynstr
 *(.dynstr)

.gnu.version
 *(.gnu.version)

.gnu.version_d
 *(.gnu.version_d)

.gnu.version_r
 *(.gnu.version_r)

.rel.init
 *(.rel.init)

.rela.init
 *(.rela.init)

.rel.text
 *(.rel.text)
 *(.rel.text.*)
 *(.rel.gnu.linkonce.t*)

.rela.text
 *(.rela.text)
 *(.rela.text.*)
 *(.rela.gnu.linkonce.t*)

.rel.fini
 *(.rel.fini)

.rela.fini
 *(.rela.fini)

.rel.rodata
 *(.rel.rodata)
 *(.rel.rodata.*)
 *(.rel.gnu.linkonce.r*)

.rela.rodata
 *(.rela.rodata)
 *(.rela.rodata.*)
 *(.rela.gnu.linkonce.r*)

.rel.data
 *(.rel.data)
 *(.rel.data.*)
 *(.rel.gnu.linkonce.d*)

.rela.data
 *(.rela.data)
 *(.rela.data.*)
 *(.rela.gnu.linkonce.d*)

.rel.ctors
 *(.rel.ctors)

.rela.ctors
 *(.rela.ctors)

.rel.dtors
 *(.rel.dtors)

.rela.dtors
 *(.rela.dtors)

.rel.got
 *(.rel.got)

.rela.got
 *(.rela.got)

.rel.bss
 *(.rel.bss)

.rela.bss
 *(.rela.bss)

.rel.plt
 *(.rel.plt)

.rela.plt
 *(.rela.plt)

.text           0x00000000     0x3232
 *(.vectors)
 .vectors       0x00000000       0x54 c:/users/user/desktop/my files/imt_data/imt_programs/imt_sdk_win_64/imt_sdk_win_64/winavr/bin/../lib/gcc/avr/4.3.3/../../../../avr/lib/avr5/crtm32.o
                0x00000000                __vectors
                0x00000000                __vector_default
 *(.vectors)
 *(.progmem.gcc*)
 *(.progmem*)
                0x00000054                . = ALIGN (0x2)
                0x00000054                __trampolines_start = .
 *(.trampolines)
 .trampolines   0x00000054        0x0 linker stubs
 *(.trampolines*)
                0x00000054                __trampolines_end = .
 *(.jumptables)
 *(.jumptables*)
 *(.lowtext)
 *(.lowtext*)
                0x00000054                __ctors_start = .
 *(.ctors)
                0x00000054                __ctors_end = .
                0x00000054                __dtors_start = .
 *(.dtors)
                0x00000054                __dtors_end = .
 SORT(*)(.ctors)
 SORT(*)(.dtors)
 *(.init0)
 .init0         0x00000054        0x0 c:/users/user/desktop/my files/imt_data/imt_programs/imt_sdk_win_64/imt_sdk_win_64/winavr/bin/../lib/gcc/avr/4.3.3/../../../../avr/lib/avr5/crtm32.o
                0x00000054                __init
 *(.init0)
 *(.init1)
 *(.init1)
 *(.init2)
 .init2         0x00000054        0xc c:/users/user/desktop/my files/imt_data/imt_programs/imt_sdk_win_64/imt_sdk_win_64/winavr/bin/../lib/gcc/avr/4.3.3/../../../../avr/lib/avr5/crtm32.o
 *(.init2)
 *(.init3)
 *(.init3)
 *(.init4)
 .init4         0x00000060       0x10 c:/users/user/desktop/my files/imt_data/imt_programs/imt_sdk_win_64/imt_sdk_win_64/winavr/bin/../lib/gcc/avr/4.3.3/avr5\libgcc.a(_clear_bss.o)
                0x00000060                __do_clear_bss
 .init4         0x00000070       0x16 c:/users/user/desktop/my files/imt_data/imt_programs/imt_sdk_win_64/imt_sdk_win_64/winavr/bin/../lib/gcc/avr/4.3.3/avr5\libgcc.a(_copy_data.o)
                0x00000070                __do_copy_data
 *(.init4)
 *(.init5)
 *(.init5)
 *(.init6)
 *(.init6)
 *(.init7)
 *(.init7)
 *(.init8)
 *(.init8)
 *(.init9)
 .init9         0x00000086        0x8 c:/users/user/desktop/my files/imt_data/imt_programs/imt_sdk_win_64/imt_sdk_win_64/winavr/bin/../lib/gcc/avr/4.3.3/../../../../avr/lib/avr5/crtm32.o
 *(.init9)
 *(.text)
 .text          0x0000008e        0x4 c:/users/user/desktop/my files/imt_data/imt_programs/imt_sdk_win_64/imt_sdk_win_64/winavr/bin/../lib/gcc/avr/4.3.3/../../../../avr/lib/avr5/crtm32.o
                0x0000008e                __vector_12
                0x0000008e                __bad_interrupt
                0x0000008e                __vector_6
                0x0000008e                __vector_3
                0x0000008e                __vector_11
                0x0000008e                __vector_13
                0x0000008e                __vector_17
                0x0000008e                __vector_19
                0x0000008e                __vector_7
                0x0000008e                __vector_5
                0x0000008e                __vector_4
                0x0000008e                __vector_9
                0x0000008e                __vector_2
                0x0000008e                __vector_15
                0x0000008e                __vector_8
                0x0000008e                __vector_14
                0x0000008e                __vector_16
                0x0000008e                __vector_18
                0x0000008e                __vector_20
 .text          0x00000092        0x0 ./Test/Test.o
 .text          0x00000092        0x0 ./MCAL/timer0/Timer0_program.o
 .text          0x00000092        0x0 ./MCAL/GIE/GIE.o
 .text          0x00000092        0x0 ./MCAL/EXT_Interupts/interrupt.o
 .text          0x00000092        0x0 ./MCAL/DIO/DIO.o
 .text          0x00000092        0x0 ./ECUAL/timer0_Callback/timer0_CallBack.o
 .text          0x00000092        0x0 ./ECUAL/Push_Button/Push_Button.o
 .text          0x00000092        0x0 ./ECUAL/LED/Led.o
 .text          0x00000092        0x0 ./ECUAL/EXT_Int_CallBack/EXT_Interupts_callBack.o
 .text          0x00000092        0x0 ./APPLICATION/App.o
 .text          0x00000092        0x0 ./EL-Main.o
 .text          0x00000092        0x0 c:/users/user/desktop/my files/imt_data/imt_programs/imt_sdk_win_64/imt_sdk_win_64/winavr/bin/../lib/gcc/avr/4.3.3/avr5\libgcc.a(_exit.o)
 .text          0x00000092        0x0 c:/users/user/desktop/my files/imt_data/imt_programs/imt_sdk_win_64/imt_sdk_win_64/winavr/bin/../lib/gcc/avr/4.3.3/avr5\libgcc.a(_clear_bss.o)
 .text          0x00000092       0x58 c:/users/user/desktop/my files/imt_data/imt_programs/imt_sdk_win_64/imt_sdk_win_64/winavr/bin/../lib/gcc/avr/4.3.3/avr5\libgcc.a(_fixunssfsi.o)
                0x00000092                __fixunssfsi
 .text          0x000000ea      0x354 c:/users/user/desktop/my files/imt_data/imt_programs/imt_sdk_win_64/imt_sdk_win_64/winavr/bin/../lib/gcc/avr/4.3.3/avr5\libgcc.a(_addsub_sf.o)
                0x00000382                __subsf3
                0x000003e4                __addsf3
 .text          0x0000043e      0x1f4 c:/users/user/desktop/my files/imt_data/imt_programs/imt_sdk_win_64/imt_sdk_win_64/winavr/bin/../lib/gcc/avr/4.3.3/avr5\libgcc.a(_mul_sf.o)
                0x0000043e                __mulsf3
 .text          0x00000632       0x60 c:/users/user/desktop/my files/imt_data/imt_programs/imt_sdk_win_64/imt_sdk_win_64/winavr/bin/../lib/gcc/avr/4.3.3/avr5\libgcc.a(_gt_sf.o)
                0x00000632                __gtsf2
 .text          0x00000692       0x60 c:/users/user/desktop/my files/imt_data/imt_programs/imt_sdk_win_64/imt_sdk_win_64/winavr/bin/../lib/gcc/avr/4.3.3/avr5\libgcc.a(_ge_sf.o)
                0x00000692                __gesf2
 .text          0x000006f2       0x60 c:/users/user/desktop/my files/imt_data/imt_programs/imt_sdk_win_64/imt_sdk_win_64/winavr/bin/../lib/gcc/avr/4.3.3/avr5\libgcc.a(_lt_sf.o)
                0x000006f2                __ltsf2
 .text          0x00000752       0xa8 c:/users/user/desktop/my files/imt_data/imt_programs/imt_sdk_win_64/imt_sdk_win_64/winavr/bin/../lib/gcc/avr/4.3.3/avr5\libgcc.a(_sf_to_si.o)
                0x00000752                __fixsfsi
 .text          0x000007fa        0x0 c:/users/user/desktop/my files/imt_data/imt_programs/imt_sdk_win_64/imt_sdk_win_64/winavr/bin/../lib/gcc/avr/4.3.3/avr5\libgcc.a(_thenan_sf.o)
 .text          0x000007fa        0x0 c:/users/user/desktop/my files/imt_data/imt_programs/imt_sdk_win_64/imt_sdk_win_64/winavr/bin/../lib/gcc/avr/4.3.3/avr5\libgcc.a(_prologue.o)
 .text          0x000007fa        0x0 c:/users/user/desktop/my files/imt_data/imt_programs/imt_sdk_win_64/imt_sdk_win_64/winavr/bin/../lib/gcc/avr/4.3.3/avr5\libgcc.a(_epilogue.o)
 .text          0x000007fa        0x0 c:/users/user/desktop/my files/imt_data/imt_programs/imt_sdk_win_64/imt_sdk_win_64/winavr/bin/../lib/gcc/avr/4.3.3/avr5\libgcc.a(_copy_data.o)
 .text          0x000007fa      0x1aa c:/users/user/desktop/my files/imt_data/imt_programs/imt_sdk_win_64/imt_sdk_win_64/winavr/bin/../lib/gcc/avr/4.3.3/avr5\libgcc.a(_pack_sf.o)
                0x000007fa                __pack_f
 .text          0x000009a4       0xf0 c:/users/user/desktop/my files/imt_data/imt_programs/imt_sdk_win_64/imt_sdk_win_64/winavr/bin/../lib/gcc/avr/4.3.3/avr5\libgcc.a(_unpack_sf.o)
                0x000009a4                __unpack_f
 .text          0x00000a94       0xb2 c:/users/user/desktop/my files/imt_data/imt_programs/imt_sdk_win_64/imt_sdk_win_64/winavr/bin/../lib/gcc/avr/4.3.3/avr5\libgcc.a(_fpcmp_parts_sf.o)
                0x00000a94                __fpcmp_parts_f
                0x00000b46                . = ALIGN (0x2)
 *(.text.*)
 .text.SetPinDirection_test
                0x00000b46      0x5e6 ./Test/Test.o
                0x00000b46                SetPinDirection_test
 .text.SetPinValue_test
                0x0000112c      0x5e6 ./Test/Test.o
                0x0000112c                SetPinValue_test
 .text.togglePin_test
                0x00001712      0x430 ./Test/Test.o
                0x00001712                togglePin_test
 .text.EXT_Int_test
                0x00001b42      0x432 ./Test/Test.o
                0x00001b42                EXT_Int_test
 .text.Timer_Init
                0x00001f74      0x128 ./MCAL/timer0/Timer0_program.o
                0x00001f74                Timer_Init
 .text.Timer_CompareMatchEvent
                0x0000209c       0x4c ./MCAL/timer0/Timer0_program.o
                0x0000209c                Timer_CompareMatchEvent
 .text.Timer_CompareValue
                0x000020e8       0x1c ./MCAL/timer0/Timer0_program.o
                0x000020e8                Timer_CompareValue
 .text.Timer_preload
                0x00002104       0x1c ./MCAL/timer0/Timer0_program.o
                0x00002104                Timer_preload
 .text.Timer_SetCallBack
                0x00002120       0x32 ./MCAL/timer0/Timer0_program.o
                0x00002120                Timer_SetCallBack
 .text.__vector_10
                0x00002152       0x5a ./MCAL/timer0/Timer0_program.o
                0x00002152                __vector_10
 .text.timer0_delay
                0x000021ac       0x62 ./MCAL/timer0/Timer0_program.o
                0x000021ac                timer0_delay
 .text.GIEnable
                0x0000220e       0x1c ./MCAL/GIE/GIE.o
                0x0000220e                GIEnable
 .text.GIDisable
                0x0000222a       0x1c ./MCAL/GIE/GIE.o
                0x0000222a                GIDisable
 .text.INT_SetCallBack
                0x00002246       0x24 ./MCAL/EXT_Interupts/interrupt.o
                0x00002246                INT_SetCallBack
 .text.INT_ControlSense
                0x0000226a       0xe0 ./MCAL/EXT_Interupts/interrupt.o
                0x0000226a                INT_ControlSense
 .text.INT_Enable
                0x0000234a       0x52 ./MCAL/EXT_Interupts/interrupt.o
                0x0000234a                INT_Enable
 .text.INT_Disable
                0x0000239c       0x54 ./MCAL/EXT_Interupts/interrupt.o
                0x0000239c                INT_Disable
 .text.__vector_1
                0x000023f0       0x5a ./MCAL/EXT_Interupts/interrupt.o
                0x000023f0                __vector_1
 .text.setportvalue
                0x0000244a       0x96 ./MCAL/DIO/DIO.o
                0x0000244a                setportvalue
 .text.SetPinValue
                0x000024e0      0x256 ./MCAL/DIO/DIO.o
                0x000024e0                SetPinValue
 .text.setportdirection
                0x00002736       0x96 ./MCAL/DIO/DIO.o
                0x00002736                setportdirection
 .text.SetPinDirection
                0x000027cc      0x256 ./MCAL/DIO/DIO.o
                0x000027cc                SetPinDirection
 .text.GetPinValue
                0x00002a22      0x12a ./MCAL/DIO/DIO.o
                0x00002a22                GetPinValue
 .text.togglePin
                0x00002b4c      0x11a ./MCAL/DIO/DIO.o
                0x00002b4c                togglePin
 .text.timer0_passCallback
                0x00002c66       0x20 ./ECUAL/timer0_Callback/timer0_CallBack.o
                0x00002c66                timer0_passCallback
 .text.timer0_Start
                0x00002c86       0x36 ./ECUAL/timer0_Callback/timer0_CallBack.o
                0x00002c86                timer0_Start
 .text.delay    0x00002cbc       0x20 ./ECUAL/timer0_Callback/timer0_CallBack.o
                0x00002cbc                delay
 .text.Button_init
                0x00002cdc       0x22 ./ECUAL/Push_Button/Push_Button.o
                0x00002cdc                Button_init
 .text.Button_read
                0x00002cfe       0x30 ./ECUAL/Push_Button/Push_Button.o
                0x00002cfe                Button_read
 .text.Led_init
                0x00002d2e       0x3a ./ECUAL/LED/Led.o
                0x00002d2e                Led_init
 .text.Led_on   0x00002d68       0x3a ./ECUAL/LED/Led.o
                0x00002d68                Led_on
 .text.Led_off  0x00002da2       0x3a ./ECUAL/LED/Led.o
                0x00002da2                Led_off
 .text.Led_Blink
                0x00002ddc       0x94 ./ECUAL/LED/Led.o
                0x00002ddc                Led_Blink
 .text._2Led_Blink
                0x00002e70       0xb8 ./ECUAL/LED/Led.o
                0x00002e70                _2Led_Blink
 .text.EXT_INT_Control
                0x00002f28       0x50 ./ECUAL/EXT_Int_CallBack/EXT_Interupts_callBack.o
                0x00002f28                EXT_INT_Control
 .text.pass_callBack
                0x00002f78       0x2c ./ECUAL/EXT_Int_CallBack/EXT_Interupts_callBack.o
                0x00002f78                pass_callBack
 .text.app_init
                0x00002fa4       0x46 ./APPLICATION/App.o
                0x00002fa4                app_init
 .text.app_start
                0x00002fea      0x160 ./APPLICATION/App.o
                0x00002fea                app_start
 .text.notific.1265
                0x0000314a       0x1a ./APPLICATION/App.o
 .text.delay_int
                0x00003164       0x4a ./APPLICATION/App.o
                0x00003164                delay_int
 .text.main     0x000031ae       0x12 ./EL-Main.o
                0x000031ae                main
 .text.libgcc   0x000031c0        0x0 c:/users/user/desktop/my files/imt_data/imt_programs/imt_sdk_win_64/imt_sdk_win_64/winavr/bin/../lib/gcc/avr/4.3.3/avr5\libgcc.a(_exit.o)
 .text.libgcc   0x000031c0        0x0 c:/users/user/desktop/my files/imt_data/imt_programs/imt_sdk_win_64/imt_sdk_win_64/winavr/bin/../lib/gcc/avr/4.3.3/avr5\libgcc.a(_clear_bss.o)
 .text.libgcc   0x000031c0       0x38 c:/users/user/desktop/my files/imt_data/imt_programs/imt_sdk_win_64/imt_sdk_win_64/winavr/bin/../lib/gcc/avr/4.3.3/avr5\libgcc.a(_prologue.o)
                0x000031c0                __prologue_saves__
 .text.libgcc   0x000031f8       0x36 c:/users/user/desktop/my files/imt_data/imt_programs/imt_sdk_win_64/imt_sdk_win_64/winavr/bin/../lib/gcc/avr/4.3.3/avr5\libgcc.a(_epilogue.o)
                0x000031f8                __epilogue_restores__
 .text.libgcc   0x0000322e        0x0 c:/users/user/desktop/my files/imt_data/imt_programs/imt_sdk_win_64/imt_sdk_win_64/winavr/bin/../lib/gcc/avr/4.3.3/avr5\libgcc.a(_copy_data.o)
                0x0000322e                . = ALIGN (0x2)
 *(.fini9)
 .fini9         0x0000322e        0x0 c:/users/user/desktop/my files/imt_data/imt_programs/imt_sdk_win_64/imt_sdk_win_64/winavr/bin/../lib/gcc/avr/4.3.3/avr5\libgcc.a(_exit.o)
                0x0000322e                exit
                0x0000322e                _exit
 *(.fini9)
 *(.fini8)
 *(.fini8)
 *(.fini7)
 *(.fini7)
 *(.fini6)
 *(.fini6)
 *(.fini5)
 *(.fini5)
 *(.fini4)
 *(.fini4)
 *(.fini3)
 *(.fini3)
 *(.fini2)
 *(.fini2)
 *(.fini1)
 *(.fini1)
 *(.fini0)
 .fini0         0x0000322e        0x4 c:/users/user/desktop/my files/imt_data/imt_programs/imt_sdk_win_64/imt_sdk_win_64/winavr/bin/../lib/gcc/avr/4.3.3/avr5\libgcc.a(_exit.o)
 *(.fini0)
                0x00003232                _etext = .

.data           0x00800060        0x8 load address 0x00003232
                0x00800060                PROVIDE (__data_start, .)
 *(.data)
 .data          0x00800060        0x0 c:/users/user/desktop/my files/imt_data/imt_programs/imt_sdk_win_64/imt_sdk_win_64/winavr/bin/../lib/gcc/avr/4.3.3/../../../../avr/lib/avr5/crtm32.o
 .data          0x00800060        0x0 ./Test/Test.o
 .data          0x00800060        0x0 ./MCAL/timer0/Timer0_program.o
 .data          0x00800060        0x0 ./MCAL/GIE/GIE.o
 .data          0x00800060        0x0 ./MCAL/EXT_Interupts/interrupt.o
 .data          0x00800060        0x0 ./MCAL/DIO/DIO.o
 .data          0x00800060        0x0 ./ECUAL/timer0_Callback/timer0_CallBack.o
 .data          0x00800060        0x0 ./ECUAL/Push_Button/Push_Button.o
 .data          0x00800060        0x0 ./ECUAL/LED/Led.o
 .data          0x00800060        0x0 ./ECUAL/EXT_Int_CallBack/EXT_Interupts_callBack.o
 .data          0x00800060        0x0 ./APPLICATION/App.o
 .data          0x00800060        0x0 ./EL-Main.o
 .data          0x00800060        0x0 c:/users/user/desktop/my files/imt_data/imt_programs/imt_sdk_win_64/imt_sdk_win_64/winavr/bin/../lib/gcc/avr/4.3.3/avr5\libgcc.a(_exit.o)
 .data          0x00800060        0x0 c:/users/user/desktop/my files/imt_data/imt_programs/imt_sdk_win_64/imt_sdk_win_64/winavr/bin/../lib/gcc/avr/4.3.3/avr5\libgcc.a(_clear_bss.o)
 .data          0x00800060        0x0 c:/users/user/desktop/my files/imt_data/imt_programs/imt_sdk_win_64/imt_sdk_win_64/winavr/bin/../lib/gcc/avr/4.3.3/avr5\libgcc.a(_fixunssfsi.o)
 .data          0x00800060        0x0 c:/users/user/desktop/my files/imt_data/imt_programs/imt_sdk_win_64/imt_sdk_win_64/winavr/bin/../lib/gcc/avr/4.3.3/avr5\libgcc.a(_addsub_sf.o)
 .data          0x00800060        0x0 c:/users/user/desktop/my files/imt_data/imt_programs/imt_sdk_win_64/imt_sdk_win_64/winavr/bin/../lib/gcc/avr/4.3.3/avr5\libgcc.a(_mul_sf.o)
 .data          0x00800060        0x0 c:/users/user/desktop/my files/imt_data/imt_programs/imt_sdk_win_64/imt_sdk_win_64/winavr/bin/../lib/gcc/avr/4.3.3/avr5\libgcc.a(_gt_sf.o)
 .data          0x00800060        0x0 c:/users/user/desktop/my files/imt_data/imt_programs/imt_sdk_win_64/imt_sdk_win_64/winavr/bin/../lib/gcc/avr/4.3.3/avr5\libgcc.a(_ge_sf.o)
 .data          0x00800060        0x0 c:/users/user/desktop/my files/imt_data/imt_programs/imt_sdk_win_64/imt_sdk_win_64/winavr/bin/../lib/gcc/avr/4.3.3/avr5\libgcc.a(_lt_sf.o)
 .data          0x00800060        0x0 c:/users/user/desktop/my files/imt_data/imt_programs/imt_sdk_win_64/imt_sdk_win_64/winavr/bin/../lib/gcc/avr/4.3.3/avr5\libgcc.a(_sf_to_si.o)
 .data          0x00800060        0x8 c:/users/user/desktop/my files/imt_data/imt_programs/imt_sdk_win_64/imt_sdk_win_64/winavr/bin/../lib/gcc/avr/4.3.3/avr5\libgcc.a(_thenan_sf.o)
                0x00800060                __thenan_sf
 .data          0x00800068        0x0 c:/users/user/desktop/my files/imt_data/imt_programs/imt_sdk_win_64/imt_sdk_win_64/winavr/bin/../lib/gcc/avr/4.3.3/avr5\libgcc.a(_prologue.o)
 .data          0x00800068        0x0 c:/users/user/desktop/my files/imt_data/imt_programs/imt_sdk_win_64/imt_sdk_win_64/winavr/bin/../lib/gcc/avr/4.3.3/avr5\libgcc.a(_epilogue.o)
 .data          0x00800068        0x0 c:/users/user/desktop/my files/imt_data/imt_programs/imt_sdk_win_64/imt_sdk_win_64/winavr/bin/../lib/gcc/avr/4.3.3/avr5\libgcc.a(_copy_data.o)
 .data          0x00800068        0x0 c:/users/user/desktop/my files/imt_data/imt_programs/imt_sdk_win_64/imt_sdk_win_64/winavr/bin/../lib/gcc/avr/4.3.3/avr5\libgcc.a(_pack_sf.o)
 .data          0x00800068        0x0 c:/users/user/desktop/my files/imt_data/imt_programs/imt_sdk_win_64/imt_sdk_win_64/winavr/bin/../lib/gcc/avr/4.3.3/avr5\libgcc.a(_unpack_sf.o)
 .data          0x00800068        0x0 c:/users/user/desktop/my files/imt_data/imt_programs/imt_sdk_win_64/imt_sdk_win_64/winavr/bin/../lib/gcc/avr/4.3.3/avr5\libgcc.a(_fpcmp_parts_sf.o)
 *(.data*)
 *(.rodata)
 *(.rodata*)
 *(.gnu.linkonce.d*)
                0x00800068                . = ALIGN (0x2)
                0x00800068                _edata = .
                0x00800068                PROVIDE (__data_end, .)

.bss            0x00800068        0x5
                0x00800068                PROVIDE (__bss_start, .)
 *(.bss)
 .bss           0x00800068        0x0 c:/users/user/desktop/my files/imt_data/imt_programs/imt_sdk_win_64/imt_sdk_win_64/winavr/bin/../lib/gcc/avr/4.3.3/../../../../avr/lib/avr5/crtm32.o
 .bss           0x00800068        0x0 ./Test/Test.o
 .bss           0x00800068        0x0 ./MCAL/timer0/Timer0_program.o
 .bss           0x00800068        0x0 ./MCAL/GIE/GIE.o
 .bss           0x00800068        0x0 ./MCAL/EXT_Interupts/interrupt.o
 .bss           0x00800068        0x0 ./MCAL/DIO/DIO.o
 .bss           0x00800068        0x0 ./ECUAL/timer0_Callback/timer0_CallBack.o
 .bss           0x00800068        0x0 ./ECUAL/Push_Button/Push_Button.o
 .bss           0x00800068        0x0 ./ECUAL/LED/Led.o
 .bss           0x00800068        0x0 ./ECUAL/EXT_Int_CallBack/EXT_Interupts_callBack.o
 .bss           0x00800068        0x0 ./APPLICATION/App.o
 .bss           0x00800068        0x0 ./EL-Main.o
 .bss           0x00800068        0x0 c:/users/user/desktop/my files/imt_data/imt_programs/imt_sdk_win_64/imt_sdk_win_64/winavr/bin/../lib/gcc/avr/4.3.3/avr5\libgcc.a(_exit.o)
 .bss           0x00800068        0x0 c:/users/user/desktop/my files/imt_data/imt_programs/imt_sdk_win_64/imt_sdk_win_64/winavr/bin/../lib/gcc/avr/4.3.3/avr5\libgcc.a(_clear_bss.o)
 .bss           0x00800068        0x0 c:/users/user/desktop/my files/imt_data/imt_programs/imt_sdk_win_64/imt_sdk_win_64/winavr/bin/../lib/gcc/avr/4.3.3/avr5\libgcc.a(_fixunssfsi.o)
 .bss           0x00800068        0x0 c:/users/user/desktop/my files/imt_data/imt_programs/imt_sdk_win_64/imt_sdk_win_64/winavr/bin/../lib/gcc/avr/4.3.3/avr5\libgcc.a(_addsub_sf.o)
 .bss           0x00800068        0x0 c:/users/user/desktop/my files/imt_data/imt_programs/imt_sdk_win_64/imt_sdk_win_64/winavr/bin/../lib/gcc/avr/4.3.3/avr5\libgcc.a(_mul_sf.o)
 .bss           0x00800068        0x0 c:/users/user/desktop/my files/imt_data/imt_programs/imt_sdk_win_64/imt_sdk_win_64/winavr/bin/../lib/gcc/avr/4.3.3/avr5\libgcc.a(_gt_sf.o)
 .bss           0x00800068        0x0 c:/users/user/desktop/my files/imt_data/imt_programs/imt_sdk_win_64/imt_sdk_win_64/winavr/bin/../lib/gcc/avr/4.3.3/avr5\libgcc.a(_ge_sf.o)
 .bss           0x00800068        0x0 c:/users/user/desktop/my files/imt_data/imt_programs/imt_sdk_win_64/imt_sdk_win_64/winavr/bin/../lib/gcc/avr/4.3.3/avr5\libgcc.a(_lt_sf.o)
 .bss           0x00800068        0x0 c:/users/user/desktop/my files/imt_data/imt_programs/imt_sdk_win_64/imt_sdk_win_64/winavr/bin/../lib/gcc/avr/4.3.3/avr5\libgcc.a(_sf_to_si.o)
 .bss           0x00800068        0x0 c:/users/user/desktop/my files/imt_data/imt_programs/imt_sdk_win_64/imt_sdk_win_64/winavr/bin/../lib/gcc/avr/4.3.3/avr5\libgcc.a(_thenan_sf.o)
 .bss           0x00800068        0x0 c:/users/user/desktop/my files/imt_data/imt_programs/imt_sdk_win_64/imt_sdk_win_64/winavr/bin/../lib/gcc/avr/4.3.3/avr5\libgcc.a(_prologue.o)
 .bss           0x00800068        0x0 c:/users/user/desktop/my files/imt_data/imt_programs/imt_sdk_win_64/imt_sdk_win_64/winavr/bin/../lib/gcc/avr/4.3.3/avr5\libgcc.a(_epilogue.o)
 .bss           0x00800068        0x0 c:/users/user/desktop/my files/imt_data/imt_programs/imt_sdk_win_64/imt_sdk_win_64/winavr/bin/../lib/gcc/avr/4.3.3/avr5\libgcc.a(_copy_data.o)
 .bss           0x00800068        0x0 c:/users/user/desktop/my files/imt_data/imt_programs/imt_sdk_win_64/imt_sdk_win_64/winavr/bin/../lib/gcc/avr/4.3.3/avr5\libgcc.a(_pack_sf.o)
 .bss           0x00800068        0x0 c:/users/user/desktop/my files/imt_data/imt_programs/imt_sdk_win_64/imt_sdk_win_64/winavr/bin/../lib/gcc/avr/4.3.3/avr5\libgcc.a(_unpack_sf.o)
 .bss           0x00800068        0x0 c:/users/user/desktop/my files/imt_data/imt_programs/imt_sdk_win_64/imt_sdk_win_64/winavr/bin/../lib/gcc/avr/4.3.3/avr5\libgcc.a(_fpcmp_parts_sf.o)
 *(.bss*)
 .bss.Timer_func
                0x00800068        0x2 ./MCAL/timer0/Timer0_program.o
 .bss.pedstrain_button
                0x0080006a        0x1 ./APPLICATION/App.o
                0x0080006a                pedstrain_button
 *(COMMON)
 COMMON         0x0080006b        0x2 ./MCAL/EXT_Interupts/interrupt.o
                0x0080006b                ptrcallback
                0x0080006d                PROVIDE (__bss_end, .)
                0x00003232                __data_load_start = LOADADDR (.data)
                0x0000323a                __data_load_end = (__data_load_start + SIZEOF (.data))

.noinit         0x0080006d        0x0
                0x0080006d                PROVIDE (__noinit_start, .)
 *(.noinit*)
                0x0080006d                PROVIDE (__noinit_end, .)
                0x0080006d                _end = .
                0x0080006d                PROVIDE (__heap_start, .)

.eeprom         0x00810000        0x0
 *(.eeprom*)
                0x00810000                __eeprom_end = .

.fuse
 *(.fuse)
 *(.lfuse)
 *(.hfuse)
 *(.efuse)

.lock
 *(.lock*)

.signature
 *(.signature*)

.stab           0x00000000     0x3744
 *(.stab)
 .stab          0x00000000     0x14ac ./Test/Test.o
 .stab          0x000014ac      0x438 ./MCAL/timer0/Timer0_program.o
                                0x444 (size before relaxing)
 .stab          0x000018e4      0x1bc ./MCAL/GIE/GIE.o
                                0x1c8 (size before relaxing)
 .stab          0x00001aa0      0x36c ./MCAL/EXT_Interupts/interrupt.o
                                0x378 (size before relaxing)
 .stab          0x00001e0c      0x6a8 ./MCAL/DIO/DIO.o
                                0x6b4 (size before relaxing)
 .stab          0x000024b4      0x270 ./ECUAL/timer0_Callback/timer0_CallBack.o
                                0x27c (size before relaxing)
 .stab          0x00002724      0x228 ./ECUAL/Push_Button/Push_Button.o
                                0x234 (size before relaxing)
 .stab          0x0000294c      0x558 ./ECUAL/LED/Led.o
                                0x564 (size before relaxing)
 .stab          0x00002ea4      0x27c ./ECUAL/EXT_Int_CallBack/EXT_Interupts_callBack.o
                                0x288 (size before relaxing)
 .stab          0x00003120      0x498 ./APPLICATION/App.o
                                0x4a4 (size before relaxing)
 .stab          0x000035b8      0x18c ./EL-Main.o
                                0x198 (size before relaxing)

.stabstr        0x00000000     0x12f1
 *(.stabstr)
 .stabstr       0x00000000     0x12f1 ./Test/Test.o

.stab.excl
 *(.stab.excl)

.stab.exclstr
 *(.stab.exclstr)

.stab.index
 *(.stab.index)

.stab.indexstr
 *(.stab.indexstr)

.comment
 *(.comment)

.debug
 *(.debug)

.line
 *(.line)

.debug_srcinfo
 *(.debug_srcinfo)

.debug_sfnames
 *(.debug_sfnames)

.debug_aranges  0x00000000      0x140
 *(.debug_aranges)
 .debug_aranges
                0x00000000       0x20 c:/users/user/desktop/my files/imt_data/imt_programs/imt_sdk_win_64/imt_sdk_win_64/winavr/bin/../lib/gcc/avr/4.3.3/avr5\libgcc.a(_fixunssfsi.o)
 .debug_aranges
                0x00000020       0x20 c:/users/user/desktop/my files/imt_data/imt_programs/imt_sdk_win_64/imt_sdk_win_64/winavr/bin/../lib/gcc/avr/4.3.3/avr5\libgcc.a(_addsub_sf.o)
 .debug_aranges
                0x00000040       0x20 c:/users/user/desktop/my files/imt_data/imt_programs/imt_sdk_win_64/imt_sdk_win_64/winavr/bin/../lib/gcc/avr/4.3.3/avr5\libgcc.a(_mul_sf.o)
 .debug_aranges
                0x00000060       0x20 c:/users/user/desktop/my files/imt_data/imt_programs/imt_sdk_win_64/imt_sdk_win_64/winavr/bin/../lib/gcc/avr/4.3.3/avr5\libgcc.a(_gt_sf.o)
 .debug_aranges
                0x00000080       0x20 c:/users/user/desktop/my files/imt_data/imt_programs/imt_sdk_win_64/imt_sdk_win_64/winavr/bin/../lib/gcc/avr/4.3.3/avr5\libgcc.a(_ge_sf.o)
 .debug_aranges
                0x000000a0       0x20 c:/users/user/desktop/my files/imt_data/imt_programs/imt_sdk_win_64/imt_sdk_win_64/winavr/bin/../lib/gcc/avr/4.3.3/avr5\libgcc.a(_lt_sf.o)
 .debug_aranges
                0x000000c0       0x20 c:/users/user/desktop/my files/imt_data/imt_programs/imt_sdk_win_64/imt_sdk_win_64/winavr/bin/../lib/gcc/avr/4.3.3/avr5\libgcc.a(_sf_to_si.o)
 .debug_aranges
                0x000000e0       0x20 c:/users/user/desktop/my files/imt_data/imt_programs/imt_sdk_win_64/imt_sdk_win_64/winavr/bin/../lib/gcc/avr/4.3.3/avr5\libgcc.a(_pack_sf.o)
 .debug_aranges
                0x00000100       0x20 c:/users/user/desktop/my files/imt_data/imt_programs/imt_sdk_win_64/imt_sdk_win_64/winavr/bin/../lib/gcc/avr/4.3.3/avr5\libgcc.a(_unpack_sf.o)
 .debug_aranges
                0x00000120       0x20 c:/users/user/desktop/my files/imt_data/imt_programs/imt_sdk_win_64/imt_sdk_win_64/winavr/bin/../lib/gcc/avr/4.3.3/avr5\libgcc.a(_fpcmp_parts_sf.o)

.debug_pubnames
                0x00000000      0x170
 *(.debug_pubnames)
 .debug_pubnames
                0x00000000       0x23 c:/users/user/desktop/my files/imt_data/imt_programs/imt_sdk_win_64/imt_sdk_win_64/winavr/bin/../lib/gcc/avr/4.3.3/avr5\libgcc.a(_fixunssfsi.o)
 .debug_pubnames
                0x00000023       0x2c c:/users/user/desktop/my files/imt_data/imt_programs/imt_sdk_win_64/imt_sdk_win_64/winavr/bin/../lib/gcc/avr/4.3.3/avr5\libgcc.a(_addsub_sf.o)
 .debug_pubnames
                0x0000004f       0x1f c:/users/user/desktop/my files/imt_data/imt_programs/imt_sdk_win_64/imt_sdk_win_64/winavr/bin/../lib/gcc/avr/4.3.3/avr5\libgcc.a(_mul_sf.o)
 .debug_pubnames
                0x0000006e       0x1e c:/users/user/desktop/my files/imt_data/imt_programs/imt_sdk_win_64/imt_sdk_win_64/winavr/bin/../lib/gcc/avr/4.3.3/avr5\libgcc.a(_gt_sf.o)
 .debug_pubnames
                0x0000008c       0x1e c:/users/user/desktop/my files/imt_data/imt_programs/imt_sdk_win_64/imt_sdk_win_64/winavr/bin/../lib/gcc/avr/4.3.3/avr5\libgcc.a(_ge_sf.o)
 .debug_pubnames
                0x000000aa       0x1e c:/users/user/desktop/my files/imt_data/imt_programs/imt_sdk_win_64/imt_sdk_win_64/winavr/bin/../lib/gcc/avr/4.3.3/avr5\libgcc.a(_lt_sf.o)
 .debug_pubnames
                0x000000c8       0x20 c:/users/user/desktop/my files/imt_data/imt_programs/imt_sdk_win_64/imt_sdk_win_64/winavr/bin/../lib/gcc/avr/4.3.3/avr5\libgcc.a(_sf_to_si.o)
 .debug_pubnames
                0x000000e8       0x22 c:/users/user/desktop/my files/imt_data/imt_programs/imt_sdk_win_64/imt_sdk_win_64/winavr/bin/../lib/gcc/avr/4.3.3/avr5\libgcc.a(_thenan_sf.o)
 .debug_pubnames
                0x0000010a       0x1f c:/users/user/desktop/my files/imt_data/imt_programs/imt_sdk_win_64/imt_sdk_win_64/winavr/bin/../lib/gcc/avr/4.3.3/avr5\libgcc.a(_pack_sf.o)
 .debug_pubnames
                0x00000129       0x21 c:/users/user/desktop/my files/imt_data/imt_programs/imt_sdk_win_64/imt_sdk_win_64/winavr/bin/../lib/gcc/avr/4.3.3/avr5\libgcc.a(_unpack_sf.o)
 .debug_pubnames
                0x0000014a       0x26 c:/users/user/desktop/my files/imt_data/imt_programs/imt_sdk_win_64/imt_sdk_win_64/winavr/bin/../lib/gcc/avr/4.3.3/avr5\libgcc.a(_fpcmp_parts_sf.o)

.debug_info     0x00000000     0x1c49
 *(.debug_info)
 .debug_info    0x00000000       0xb1 c:/users/user/desktop/my files/imt_data/imt_programs/imt_sdk_win_64/imt_sdk_win_64/winavr/bin/../lib/gcc/avr/4.3.3/avr5\libgcc.a(_fixunssfsi.o)
 .debug_info    0x000000b1      0x47a c:/users/user/desktop/my files/imt_data/imt_programs/imt_sdk_win_64/imt_sdk_win_64/winavr/bin/../lib/gcc/avr/4.3.3/avr5\libgcc.a(_addsub_sf.o)
 .debug_info    0x0000052b      0x485 c:/users/user/desktop/my files/imt_data/imt_programs/imt_sdk_win_64/imt_sdk_win_64/winavr/bin/../lib/gcc/avr/4.3.3/avr5\libgcc.a(_mul_sf.o)
 .debug_info    0x000009b0      0x27f c:/users/user/desktop/my files/imt_data/imt_programs/imt_sdk_win_64/imt_sdk_win_64/winavr/bin/../lib/gcc/avr/4.3.3/avr5\libgcc.a(_gt_sf.o)
 .debug_info    0x00000c2f      0x27f c:/users/user/desktop/my files/imt_data/imt_programs/imt_sdk_win_64/imt_sdk_win_64/winavr/bin/../lib/gcc/avr/4.3.3/avr5\libgcc.a(_ge_sf.o)
 .debug_info    0x00000eae      0x27f c:/users/user/desktop/my files/imt_data/imt_programs/imt_sdk_win_64/imt_sdk_win_64/winavr/bin/../lib/gcc/avr/4.3.3/avr5\libgcc.a(_lt_sf.o)
 .debug_info    0x0000112d      0x2b0 c:/users/user/desktop/my files/imt_data/imt_programs/imt_sdk_win_64/imt_sdk_win_64/winavr/bin/../lib/gcc/avr/4.3.3/avr5\libgcc.a(_sf_to_si.o)
 .debug_info    0x000013dd      0x12c c:/users/user/desktop/my files/imt_data/imt_programs/imt_sdk_win_64/imt_sdk_win_64/winavr/bin/../lib/gcc/avr/4.3.3/avr5\libgcc.a(_thenan_sf.o)
 .debug_info    0x00001509      0x2df c:/users/user/desktop/my files/imt_data/imt_programs/imt_sdk_win_64/imt_sdk_win_64/winavr/bin/../lib/gcc/avr/4.3.3/avr5\libgcc.a(_pack_sf.o)
 .debug_info    0x000017e8      0x251 c:/users/user/desktop/my files/imt_data/imt_programs/imt_sdk_win_64/imt_sdk_win_64/winavr/bin/../lib/gcc/avr/4.3.3/avr5\libgcc.a(_unpack_sf.o)
 .debug_info    0x00001a39      0x210 c:/users/user/desktop/my files/imt_data/imt_programs/imt_sdk_win_64/imt_sdk_win_64/winavr/bin/../lib/gcc/avr/4.3.3/avr5\libgcc.a(_fpcmp_parts_sf.o)
 *(.gnu.linkonce.wi.*)

.debug_abbrev   0x00000000      0xeeb
 *(.debug_abbrev)
 .debug_abbrev  0x00000000       0x5d c:/users/user/desktop/my files/imt_data/imt_programs/imt_sdk_win_64/imt_sdk_win_64/winavr/bin/../lib/gcc/avr/4.3.3/avr5\libgcc.a(_fixunssfsi.o)
 .debug_abbrev  0x0000005d      0x1ea c:/users/user/desktop/my files/imt_data/imt_programs/imt_sdk_win_64/imt_sdk_win_64/winavr/bin/../lib/gcc/avr/4.3.3/avr5\libgcc.a(_addsub_sf.o)
 .debug_abbrev  0x00000247      0x21b c:/users/user/desktop/my files/imt_data/imt_programs/imt_sdk_win_64/imt_sdk_win_64/winavr/bin/../lib/gcc/avr/4.3.3/avr5\libgcc.a(_mul_sf.o)
 .debug_abbrev  0x00000462      0x15a c:/users/user/desktop/my files/imt_data/imt_programs/imt_sdk_win_64/imt_sdk_win_64/winavr/bin/../lib/gcc/avr/4.3.3/avr5\libgcc.a(_gt_sf.o)
 .debug_abbrev  0x000005bc      0x15a c:/users/user/desktop/my files/imt_data/imt_programs/imt_sdk_win_64/imt_sdk_win_64/winavr/bin/../lib/gcc/avr/4.3.3/avr5\libgcc.a(_ge_sf.o)
 .debug_abbrev  0x00000716      0x15a c:/users/user/desktop/my files/imt_data/imt_programs/imt_sdk_win_64/imt_sdk_win_64/winavr/bin/../lib/gcc/avr/4.3.3/avr5\libgcc.a(_lt_sf.o)
 .debug_abbrev  0x00000870      0x17f c:/users/user/desktop/my files/imt_data/imt_programs/imt_sdk_win_64/imt_sdk_win_64/winavr/bin/../lib/gcc/avr/4.3.3/avr5\libgcc.a(_sf_to_si.o)
 .debug_abbrev  0x000009ef       0xad c:/users/user/desktop/my files/imt_data/imt_programs/imt_sdk_win_64/imt_sdk_win_64/winavr/bin/../lib/gcc/avr/4.3.3/avr5\libgcc.a(_thenan_sf.o)
 .debug_abbrev  0x00000a9c      0x1c0 c:/users/user/desktop/my files/imt_data/imt_programs/imt_sdk_win_64/imt_sdk_win_64/winavr/bin/../lib/gcc/avr/4.3.3/avr5\libgcc.a(_pack_sf.o)
 .debug_abbrev  0x00000c5c      0x154 c:/users/user/desktop/my files/imt_data/imt_programs/imt_sdk_win_64/imt_sdk_win_64/winavr/bin/../lib/gcc/avr/4.3.3/avr5\libgcc.a(_unpack_sf.o)
 .debug_abbrev  0x00000db0      0x13b c:/users/user/desktop/my files/imt_data/imt_programs/imt_sdk_win_64/imt_sdk_win_64/winavr/bin/../lib/gcc/avr/4.3.3/avr5\libgcc.a(_fpcmp_parts_sf.o)

.debug_line     0x00000000      0xdad
 *(.debug_line)
 .debug_line    0x00000000       0xa7 c:/users/user/desktop/my files/imt_data/imt_programs/imt_sdk_win_64/imt_sdk_win_64/winavr/bin/../lib/gcc/avr/4.3.3/avr5\libgcc.a(_fixunssfsi.o)
 .debug_line    0x000000a7      0x2af c:/users/user/desktop/my files/imt_data/imt_programs/imt_sdk_win_64/imt_sdk_win_64/winavr/bin/../lib/gcc/avr/4.3.3/avr5\libgcc.a(_addsub_sf.o)
 .debug_line    0x00000356      0x239 c:/users/user/desktop/my files/imt_data/imt_programs/imt_sdk_win_64/imt_sdk_win_64/winavr/bin/../lib/gcc/avr/4.3.3/avr5\libgcc.a(_mul_sf.o)
 .debug_line    0x0000058f       0xd3 c:/users/user/desktop/my files/imt_data/imt_programs/imt_sdk_win_64/imt_sdk_win_64/winavr/bin/../lib/gcc/avr/4.3.3/avr5\libgcc.a(_gt_sf.o)
 .debug_line    0x00000662       0xd3 c:/users/user/desktop/my files/imt_data/imt_programs/imt_sdk_win_64/imt_sdk_win_64/winavr/bin/../lib/gcc/avr/4.3.3/avr5\libgcc.a(_ge_sf.o)
 .debug_line    0x00000735       0xd3 c:/users/user/desktop/my files/imt_data/imt_programs/imt_sdk_win_64/imt_sdk_win_64/winavr/bin/../lib/gcc/avr/4.3.3/avr5\libgcc.a(_lt_sf.o)
 .debug_line    0x00000808      0x109 c:/users/user/desktop/my files/imt_data/imt_programs/imt_sdk_win_64/imt_sdk_win_64/winavr/bin/../lib/gcc/avr/4.3.3/avr5\libgcc.a(_sf_to_si.o)
 .debug_line    0x00000911       0x90 c:/users/user/desktop/my files/imt_data/imt_programs/imt_sdk_win_64/imt_sdk_win_64/winavr/bin/../lib/gcc/avr/4.3.3/avr5\libgcc.a(_thenan_sf.o)
 .debug_line    0x000009a1      0x18a c:/users/user/desktop/my files/imt_data/imt_programs/imt_sdk_win_64/imt_sdk_win_64/winavr/bin/../lib/gcc/avr/4.3.3/avr5\libgcc.a(_pack_sf.o)
 .debug_line    0x00000b2b      0x14b c:/users/user/desktop/my files/imt_data/imt_programs/imt_sdk_win_64/imt_sdk_win_64/winavr/bin/../lib/gcc/avr/4.3.3/avr5\libgcc.a(_unpack_sf.o)
 .debug_line    0x00000c76      0x137 c:/users/user/desktop/my files/imt_data/imt_programs/imt_sdk_win_64/imt_sdk_win_64/winavr/bin/../lib/gcc/avr/4.3.3/avr5\libgcc.a(_fpcmp_parts_sf.o)

.debug_frame    0x00000000      0x160
 *(.debug_frame)
 .debug_frame   0x00000000       0x20 c:/users/user/desktop/my files/imt_data/imt_programs/imt_sdk_win_64/imt_sdk_win_64/winavr/bin/../lib/gcc/avr/4.3.3/avr5\libgcc.a(_fixunssfsi.o)
 .debug_frame   0x00000020       0x40 c:/users/user/desktop/my files/imt_data/imt_programs/imt_sdk_win_64/imt_sdk_win_64/winavr/bin/../lib/gcc/avr/4.3.3/avr5\libgcc.a(_addsub_sf.o)
 .debug_frame   0x00000060       0x20 c:/users/user/desktop/my files/imt_data/imt_programs/imt_sdk_win_64/imt_sdk_win_64/winavr/bin/../lib/gcc/avr/4.3.3/avr5\libgcc.a(_mul_sf.o)
 .debug_frame   0x00000080       0x20 c:/users/user/desktop/my files/imt_data/imt_programs/imt_sdk_win_64/imt_sdk_win_64/winavr/bin/../lib/gcc/avr/4.3.3/avr5\libgcc.a(_gt_sf.o)
 .debug_frame   0x000000a0       0x20 c:/users/user/desktop/my files/imt_data/imt_programs/imt_sdk_win_64/imt_sdk_win_64/winavr/bin/../lib/gcc/avr/4.3.3/avr5\libgcc.a(_ge_sf.o)
 .debug_frame   0x000000c0       0x20 c:/users/user/desktop/my files/imt_data/imt_programs/imt_sdk_win_64/imt_sdk_win_64/winavr/bin/../lib/gcc/avr/4.3.3/avr5\libgcc.a(_lt_sf.o)
 .debug_frame   0x000000e0       0x20 c:/users/user/desktop/my files/imt_data/imt_programs/imt_sdk_win_64/imt_sdk_win_64/winavr/bin/../lib/gcc/avr/4.3.3/avr5\libgcc.a(_sf_to_si.o)
 .debug_frame   0x00000100       0x20 c:/users/user/desktop/my files/imt_data/imt_programs/imt_sdk_win_64/imt_sdk_win_64/winavr/bin/../lib/gcc/avr/4.3.3/avr5\libgcc.a(_pack_sf.o)
 .debug_frame   0x00000120       0x20 c:/users/user/desktop/my files/imt_data/imt_programs/imt_sdk_win_64/imt_sdk_win_64/winavr/bin/../lib/gcc/avr/4.3.3/avr5\libgcc.a(_unpack_sf.o)
 .debug_frame   0x00000140       0x20 c:/users/user/desktop/my files/imt_data/imt_programs/imt_sdk_win_64/imt_sdk_win_64/winavr/bin/../lib/gcc/avr/4.3.3/avr5\libgcc.a(_fpcmp_parts_sf.o)

.debug_str      0x00000000      0x28d
 *(.debug_str)
 .debug_str     0x00000000       0xbf c:/users/user/desktop/my files/imt_data/imt_programs/imt_sdk_win_64/imt_sdk_win_64/winavr/bin/../lib/gcc/avr/4.3.3/avr5\libgcc.a(_fixunssfsi.o)
                                 0xfe (size before relaxing)
 .debug_str     0x000000bf      0x14d c:/users/user/desktop/my files/imt_data/imt_programs/imt_sdk_win_64/imt_sdk_win_64/winavr/bin/../lib/gcc/avr/4.3.3/avr5\libgcc.a(_addsub_sf.o)
                                0x206 (size before relaxing)
 .debug_str     0x0000020c       0x27 c:/users/user/desktop/my files/imt_data/imt_programs/imt_sdk_win_64/imt_sdk_win_64/winavr/bin/../lib/gcc/avr/4.3.3/avr5\libgcc.a(_mul_sf.o)
                                0x1bf (size before relaxing)
 .debug_str     0x00000233        0xf c:/users/user/desktop/my files/imt_data/imt_programs/imt_sdk_win_64/imt_sdk_win_64/winavr/bin/../lib/gcc/avr/4.3.3/avr5\libgcc.a(_gt_sf.o)
                                0x195 (size before relaxing)
 .debug_str     0x00000242        0x8 c:/users/user/desktop/my files/imt_data/imt_programs/imt_sdk_win_64/imt_sdk_win_64/winavr/bin/../lib/gcc/avr/4.3.3/avr5\libgcc.a(_ge_sf.o)
                                0x195 (size before relaxing)
 .debug_str     0x0000024a        0x8 c:/users/user/desktop/my files/imt_data/imt_programs/imt_sdk_win_64/imt_sdk_win_64/winavr/bin/../lib/gcc/avr/4.3.3/avr5\libgcc.a(_lt_sf.o)
                                0x195 (size before relaxing)
 .debug_str     0x00000252        0xa c:/users/user/desktop/my files/imt_data/imt_programs/imt_sdk_win_64/imt_sdk_win_64/winavr/bin/../lib/gcc/avr/4.3.3/avr5\libgcc.a(_sf_to_si.o)
                                0x19e (size before relaxing)
 .debug_str     0x00000000      0x103 c:/users/user/desktop/my files/imt_data/imt_programs/imt_sdk_win_64/imt_sdk_win_64/winavr/bin/../lib/gcc/avr/4.3.3/avr5\libgcc.a(_thenan_sf.o)
 .debug_str     0x0000025c       0x16 c:/users/user/desktop/my files/imt_data/imt_programs/imt_sdk_win_64/imt_sdk_win_64/winavr/bin/../lib/gcc/avr/4.3.3/avr5\libgcc.a(_pack_sf.o)
                                0x19d (size before relaxing)
 .debug_str     0x00000272        0xb c:/users/user/desktop/my files/imt_data/imt_programs/imt_sdk_win_64/imt_sdk_win_64/winavr/bin/../lib/gcc/avr/4.3.3/avr5\libgcc.a(_unpack_sf.o)
                                0x17f (size before relaxing)
 .debug_str     0x0000027d       0x10 c:/users/user/desktop/my files/imt_data/imt_programs/imt_sdk_win_64/imt_sdk_win_64/winavr/bin/../lib/gcc/avr/4.3.3/avr5\libgcc.a(_fpcmp_parts_sf.o)
                                0x163 (size before relaxing)

.debug_loc      0x00000000      0x7ce
 *(.debug_loc)
 .debug_loc     0x00000000       0x34 c:/users/user/desktop/my files/imt_data/imt_programs/imt_sdk_win_64/imt_sdk_win_64/winavr/bin/../lib/gcc/avr/4.3.3/avr5\libgcc.a(_fixunssfsi.o)
 .debug_loc     0x00000034      0x32a c:/users/user/desktop/my files/imt_data/imt_programs/imt_sdk_win_64/imt_sdk_win_64/winavr/bin/../lib/gcc/avr/4.3.3/avr5\libgcc.a(_addsub_sf.o)
 .debug_loc     0x0000035e      0x104 c:/users/user/desktop/my files/imt_data/imt_programs/imt_sdk_win_64/imt_sdk_win_64/winavr/bin/../lib/gcc/avr/4.3.3/avr5\libgcc.a(_mul_sf.o)
 .debug_loc     0x00000462       0x3c c:/users/user/desktop/my files/imt_data/imt_programs/imt_sdk_win_64/imt_sdk_win_64/winavr/bin/../lib/gcc/avr/4.3.3/avr5\libgcc.a(_gt_sf.o)
 .debug_loc     0x0000049e       0x3c c:/users/user/desktop/my files/imt_data/imt_programs/imt_sdk_win_64/imt_sdk_win_64/winavr/bin/../lib/gcc/avr/4.3.3/avr5\libgcc.a(_ge_sf.o)
 .debug_loc     0x000004da       0x3c c:/users/user/desktop/my files/imt_data/imt_programs/imt_sdk_win_64/imt_sdk_win_64/winavr/bin/../lib/gcc/avr/4.3.3/avr5\libgcc.a(_lt_sf.o)
 .debug_loc     0x00000516       0x7e c:/users/user/desktop/my files/imt_data/imt_programs/imt_sdk_win_64/imt_sdk_win_64/winavr/bin/../lib/gcc/avr/4.3.3/avr5\libgcc.a(_sf_to_si.o)
 .debug_loc     0x00000594      0x13e c:/users/user/desktop/my files/imt_data/imt_programs/imt_sdk_win_64/imt_sdk_win_64/winavr/bin/../lib/gcc/avr/4.3.3/avr5\libgcc.a(_pack_sf.o)
 .debug_loc     0x000006d2       0xac c:/users/user/desktop/my files/imt_data/imt_programs/imt_sdk_win_64/imt_sdk_win_64/winavr/bin/../lib/gcc/avr/4.3.3/avr5\libgcc.a(_unpack_sf.o)
 .debug_loc     0x0000077e       0x50 c:/users/user/desktop/my files/imt_data/imt_programs/imt_sdk_win_64/imt_sdk_win_64/winavr/bin/../lib/gcc/avr/4.3.3/avr5\libgcc.a(_fpcmp_parts_sf.o)

.debug_macinfo
 *(.debug_macinfo)
OUTPUT(Traffic.elf elf32-avr)
LOAD linker stubs

.debug_ranges   0x00000000       0x50
 .debug_ranges  0x00000000       0x50 c:/users/user/desktop/my files/imt_data/imt_programs/imt_sdk_win_64/imt_sdk_win_64/winavr/bin/../lib/gcc/avr/4.3.3/avr5\libgcc.a(_mul_sf.o)
